Archive member included to satisfy reference by file (symbol)

C:/Users/naray/OneDrive/Documents/STM32CubeIDE_1.15.1/STM32CubeIDE/plugins/com.st.stm32cube.ide.mcu.externaltools.gnu-tools-for-stm32.12.3.rel1.win32_1.0.100.202403111256/tools/bin/../lib/gcc/arm-none-eabi/12.3.1/../../../../arm-none-eabi/lib/thumb/v7e-m+fp/hard\libc_nano.a(libc_a-exit.o)
                              C:/Users/naray/OneDrive/Documents/STM32CubeIDE_1.15.1/STM32CubeIDE/plugins/com.st.stm32cube.ide.mcu.externaltools.gnu-tools-for-stm32.12.3.rel1.win32_1.0.100.202403111256/tools/bin/../lib/gcc/arm-none-eabi/12.3.1/../../../../arm-none-eabi/lib/thumb/v7e-m+fp/hard/crt0.o (exit)
C:/Users/naray/OneDrive/Documents/STM32CubeIDE_1.15.1/STM32CubeIDE/plugins/com.st.stm32cube.ide.mcu.externaltools.gnu-tools-for-stm32.12.3.rel1.win32_1.0.100.202403111256/tools/bin/../lib/gcc/arm-none-eabi/12.3.1/../../../../arm-none-eabi/lib/thumb/v7e-m+fp/hard\libc_nano.a(libc_a-findfp.o)
                              C:/Users/naray/OneDrive/Documents/STM32CubeIDE_1.15.1/STM32CubeIDE/plugins/com.st.stm32cube.ide.mcu.externaltools.gnu-tools-for-stm32.12.3.rel1.win32_1.0.100.202403111256/tools/bin/../lib/gcc/arm-none-eabi/12.3.1/../../../../arm-none-eabi/lib/thumb/v7e-m+fp/hard\libc_nano.a(libc_a-exit.o) (__stdio_exit_handler)
C:/Users/naray/OneDrive/Documents/STM32CubeIDE_1.15.1/STM32CubeIDE/plugins/com.st.stm32cube.ide.mcu.externaltools.gnu-tools-for-stm32.12.3.rel1.win32_1.0.100.202403111256/tools/bin/../lib/gcc/arm-none-eabi/12.3.1/../../../../arm-none-eabi/lib/thumb/v7e-m+fp/hard\libc_nano.a(libc_a-fwalk.o)
                              C:/Users/naray/OneDrive/Documents/STM32CubeIDE_1.15.1/STM32CubeIDE/plugins/com.st.stm32cube.ide.mcu.externaltools.gnu-tools-for-stm32.12.3.rel1.win32_1.0.100.202403111256/tools/bin/../lib/gcc/arm-none-eabi/12.3.1/../../../../arm-none-eabi/lib/thumb/v7e-m+fp/hard\libc_nano.a(libc_a-findfp.o) (_fwalk_sglue)
C:/Users/naray/OneDrive/Documents/STM32CubeIDE_1.15.1/STM32CubeIDE/plugins/com.st.stm32cube.ide.mcu.externaltools.gnu-tools-for-stm32.12.3.rel1.win32_1.0.100.202403111256/tools/bin/../lib/gcc/arm-none-eabi/12.3.1/../../../../arm-none-eabi/lib/thumb/v7e-m+fp/hard\libc_nano.a(libc_a-stdio.o)
                              C:/Users/naray/OneDrive/Documents/STM32CubeIDE_1.15.1/STM32CubeIDE/plugins/com.st.stm32cube.ide.mcu.externaltools.gnu-tools-for-stm32.12.3.rel1.win32_1.0.100.202403111256/tools/bin/../lib/gcc/arm-none-eabi/12.3.1/../../../../arm-none-eabi/lib/thumb/v7e-m+fp/hard\libc_nano.a(libc_a-findfp.o) (__sread)
C:/Users/naray/OneDrive/Documents/STM32CubeIDE_1.15.1/STM32CubeIDE/plugins/com.st.stm32cube.ide.mcu.externaltools.gnu-tools-for-stm32.12.3.rel1.win32_1.0.100.202403111256/tools/bin/../lib/gcc/arm-none-eabi/12.3.1/../../../../arm-none-eabi/lib/thumb/v7e-m+fp/hard\libc_nano.a(libc_a-memset.o)
                              C:/Users/naray/OneDrive/Documents/STM32CubeIDE_1.15.1/STM32CubeIDE/plugins/com.st.stm32cube.ide.mcu.externaltools.gnu-tools-for-stm32.12.3.rel1.win32_1.0.100.202403111256/tools/bin/../lib/gcc/arm-none-eabi/12.3.1/../../../../arm-none-eabi/lib/thumb/v7e-m+fp/hard/crt0.o (memset)
C:/Users/naray/OneDrive/Documents/STM32CubeIDE_1.15.1/STM32CubeIDE/plugins/com.st.stm32cube.ide.mcu.externaltools.gnu-tools-for-stm32.12.3.rel1.win32_1.0.100.202403111256/tools/bin/../lib/gcc/arm-none-eabi/12.3.1/../../../../arm-none-eabi/lib/thumb/v7e-m+fp/hard\libc_nano.a(libc_a-closer.o)
                              C:/Users/naray/OneDrive/Documents/STM32CubeIDE_1.15.1/STM32CubeIDE/plugins/com.st.stm32cube.ide.mcu.externaltools.gnu-tools-for-stm32.12.3.rel1.win32_1.0.100.202403111256/tools/bin/../lib/gcc/arm-none-eabi/12.3.1/../../../../arm-none-eabi/lib/thumb/v7e-m+fp/hard\libc_nano.a(libc_a-stdio.o) (_close_r)
C:/Users/naray/OneDrive/Documents/STM32CubeIDE_1.15.1/STM32CubeIDE/plugins/com.st.stm32cube.ide.mcu.externaltools.gnu-tools-for-stm32.12.3.rel1.win32_1.0.100.202403111256/tools/bin/../lib/gcc/arm-none-eabi/12.3.1/../../../../arm-none-eabi/lib/thumb/v7e-m+fp/hard\libc_nano.a(libc_a-reent.o)
                              C:/Users/naray/OneDrive/Documents/STM32CubeIDE_1.15.1/STM32CubeIDE/plugins/com.st.stm32cube.ide.mcu.externaltools.gnu-tools-for-stm32.12.3.rel1.win32_1.0.100.202403111256/tools/bin/../lib/gcc/arm-none-eabi/12.3.1/../../../../arm-none-eabi/lib/thumb/v7e-m+fp/hard\libc_nano.a(libc_a-closer.o) (errno)
C:/Users/naray/OneDrive/Documents/STM32CubeIDE_1.15.1/STM32CubeIDE/plugins/com.st.stm32cube.ide.mcu.externaltools.gnu-tools-for-stm32.12.3.rel1.win32_1.0.100.202403111256/tools/bin/../lib/gcc/arm-none-eabi/12.3.1/../../../../arm-none-eabi/lib/thumb/v7e-m+fp/hard\libc_nano.a(libc_a-impure.o)
[...]
Memory Configuration

Name             Origin             Length             Attributes
RAM              0x20000000         0x00018000         xrw
FLASH            0x08000000         0x00080000         xr
*default*        0x00000000         0xffffffff

Linker script and memory map

LOAD C:/Users/naray/OneDrive/Documents/STM32CubeIDE_1.15.1/STM32CubeIDE/plugins/com.st.stm32cube.ide.mcu.externaltools.gnu-tools-for-stm32.12.3.rel1.win32_1.0.100.202403111256/tools/bin/../lib/gcc/arm-none-eabi/12.3.1/thumb/v7e-m+fp/hard/crti.o
LOAD C:/Users/naray/OneDrive/Documents/STM32CubeIDE_1.15.1/STM32CubeIDE/plugins/com.st.stm32cube.ide.mcu.externaltools.gnu-tools-for-stm32.12.3.rel1.win32_1.0.100.202403111256/tools/bin/../lib/gcc/arm-none-eabi/12.3.1/thumb/v7e-m+fp/hard/crtbegin.o
LOAD C:/Users/naray/OneDrive/Documents/STM32CubeIDE_1.15.1/STM32CubeIDE/plugins/com.st.stm32cube.ide.mcu.externaltools.gnu-tools-for-stm32.12.3.rel1.win32_1.0.100.202403111256/tools/bin/../lib/gcc/arm-none-eabi/12.3.1/../../../../arm-none-eabi/lib/thumb/v7e-m+fp/hard/crt0.o
LOAD ./Src/adxl.o
LOAD ./Src/i2c.o
LOAD ./Src/main.o
LOAD ./Src/syscalls.o
LOAD ./Src/sysmem.o
LOAD ./Startup/startup_stm32f401retx.o
START GROUP
LOAD C:/Users/naray/OneDrive/Documents/STM32CubeIDE_1.15.1/STM32CubeIDE/plugins/com.st.stm32cube.ide.mcu.externaltools.gnu-tools-for-stm32.12.3.rel1.win32_1.0.100.202403111256/tools/bin/../lib/gcc/arm-none-eabi/12.3.1/../../../../arm-none-eabi/lib/thumb/v7e-m+fp/hard\libc_nano.a
LOAD C:/Users/naray/OneDrive/Documents/STM32CubeIDE_1.15.1/STM32CubeIDE/plugins/com.st.stm32cube.ide.mcu.externaltools.gnu-tools-for-stm32.12.3.rel1.win32_1.0.100.202403111256/tools/bin/../lib/gcc/arm-none-eabi/12.3.1/../../../../arm-none-eabi/lib/thumb/v7e-m+fp/hard\libm.a
END GROUP
START GROUP
LOAD C:/Users/naray/OneDrive/Documents/STM32CubeIDE_1.15.1/STM32CubeIDE/plugins/com.st.stm32cube.ide.mcu.externaltools.gnu-tools-for-stm32.12.3.rel1.win32_1.0.100.202403111256/tools/bin/../lib/gcc/arm-none-eabi/12.3.1/thumb/v7e-m+fp/hard\libgcc.a
LOAD C:/Users/naray/OneDrive/Documents/STM32CubeIDE_1.15.1/STM32CubeIDE/plugins/com.st.stm32cube.ide.mcu.externaltools.gnu-tools-for-stm32.12.3.rel1.win32_1.0.100.202403111256/tools/bin/../lib/gcc/arm-none-eabi/12.3.1/../../../../arm-none-eabi/lib/thumb/v7e-m+fp/hard\libc_nano.a
END GROUP
START GROUP
LOAD C:/Users/naray/OneDrive/Documents/STM32CubeIDE_1.15.1/STM32CubeIDE/plugins/com.st.stm32cube.ide.mcu.externaltools.gnu-tools-for-stm32.12.3.rel1.win32_1.0.100.202403111256/tools/bin/../lib/gcc/arm-none-eabi/12.3.1/thumb/v7e-m+fp/hard\libgcc.a
LOAD C:/Users/naray/OneDrive/Documents/STM32CubeIDE_1.15.1/STM32CubeIDE/plugins/com.st.stm32cube.ide.mcu.externaltools.gnu-tools-for-stm32.12.3.rel1.win32_1.0.100.202403111256/tools/bin/../lib/gcc/arm-none-eabi/12.3.1/../../../../arm-none-eabi/lib/thumb/v7e-m+fp/hard\libc_nano.a
LOAD C:/Users/naray/OneDrive/Documents/STM32CubeIDE_1.15.1/STM32CubeIDE/plugins/com.st.stm32cube.ide.mcu.externaltools.gnu-tools-for-stm32.12.3.rel1.win32_1.0.100.202403111256/tools/bin/../lib/gcc/arm-none-eabi/12.3.1/../../../../arm-none-eabi/lib/thumb/v7e-m+fp/hard\libnosys.a
END GROUP
START GROUP
LOAD C:/Users/naray/OneDrive/Documents/STM32CubeIDE_1.15.1/STM32CubeIDE/plugins/com.st.stm32cube.ide.mcu.externaltools.gnu-tools-for-stm32.12.3.rel1.win32_1.0.100.202403111256/tools/bin/../lib/gcc/arm-none-eabi/12.3.1/thumb/v7e-m+fp/hard\libgcc.a
LOAD C:/Users/naray/OneDrive/Documents/STM32CubeIDE_1.15.1/STM32CubeIDE/plugins/com.st.stm32cube.ide.mcu.externaltools.gnu-tools-for-stm32.12.3.rel1.win32_1.0.100.202403111256/tools/bin/../lib/gcc/arm-none-eabi/12.3.1/../../../../arm-none-eabi/lib/thumb/v7e-m+fp/hard\libc_nano.a
LOAD C:/Users/naray/OneDrive/Documents/STM32CubeIDE_1.15.1/STM32CubeIDE/plugins/com.st.stm32cube.ide.mcu.externaltools.gnu-tools-for-stm32.12.3.rel1.win32_1.0.100.202403111256/tools/bin/../lib/gcc/arm-none-eabi/12.3.1/../../../../arm-none-eabi/lib/thumb/v7e-m+fp/hard\libnosys.a
END GROUP
LOAD C:/Users/naray/OneDrive/Documents/STM32CubeIDE_1.15.1/STM32CubeIDE/plugins/com.st.stm32cube.ide.mcu.externaltools.gnu-tools-for-stm32.12.3.rel1.win32_1.0.100.202403111256/tools/bin/../lib/gcc/arm-none-eabi/12.3.1/thumb/v7e-m+fp/hard/crtend.o
LOAD C:/Users/naray/OneDrive/Documents/STM32CubeIDE_1.15.1/STM32CubeIDE/plugins/com.st.stm32cube.ide.mcu.externaltools.gnu-tools-for-stm32.12.3.rel1.win32_1.0.100.202403111256/tools/bin/../lib/gcc/arm-none-eabi/12.3.1/thumb/v7e-m+fp/hard/crtn.o
                0x20018000                        _estack = (ORIGIN (RAM) + LENGTH (RAM))
                0x00000200                        _Min_Heap_Size = 0x200
                0x00000400                        _Min_Stack_Size = 0x400

.isr_vector     0x08000000      0x194
                0x08000000                        . = ALIGN (0x4)
 *(.isr_vector)
 .isr_vector    0x08000000      0x194 ./Startup/startup_stm32f401retx.o
                0x08000000                g_pfnVectors
                0x08000194                        . = ALIGN (0x4)

.text           0x08000198      0xc20
                0x08000198                        . = ALIGN (0x4)
 *(.text)
 .text          0x08000198       0x40 C:/Users/naray/OneDrive/Documents/STM32CubeIDE_1.15.1/STM32CubeIDE/plugins/com.st.stm32cube.ide.mcu.externaltools.gnu-tools-for-stm32.12.3.rel1.win32_1.0.100.202403111256/tools/bin/../lib/gcc/arm-none-eabi/12.3.1/thumb/v7e-m+fp/hard/crtbegin.o
 .text          0x080001d8      0x254 C:/Users/naray/OneDrive/Documents/STM32CubeIDE_1.15.1/STM32CubeIDE/plugins/com.st.stm32cube.ide.mcu.externaltools.gnu-tools-for-stm32.12.3.rel1.win32_1.0.100.202403111256/tools/bin/../lib/gcc/arm-none-eabi/12.3.1/thumb/v7e-m+fp/hard\libgcc.a(_arm_muldf3.o)
                0x080001d8                __muldf3
                0x080001d8                __aeabi_dmul
 .text          0x0800042c      0x378 C:/Users/naray/OneDrive/Documents/STM32CubeIDE_1.15.1/STM32CubeIDE/plugins/com.st.stm32cube.ide.mcu.externaltools.gnu-tools-for-stm32.12.3.rel1.win32_1.0.100.202403111256/tools/bin/../lib/gcc/arm-none-eabi/12.3.1/thumb/v7e-m+fp/hard\libgcc.a(_arm_addsubdf3.o)
                0x0800042c                __aeabi_drsub
                0x08000434                __aeabi_dsub
                0x08000434                __subdf3
                0x08000438                __aeabi_dadd
                0x08000438                __adddf3
                0x080006b0                __floatunsidf
                0x080006b0                __aeabi_ui2d
                0x080006d0                __floatsidf
                0x080006d0                __aeabi_i2d
                0x080006f4                __aeabi_f2d
                0x080006f4                __extendsfdf2
                0x08000738                __floatundidf
                0x08000738                __aeabi_ul2d
                0x08000748                __floatdidf
                0x08000748                __aeabi_l2d
 *(.text*)
 .text.adxl_init
                0x080007a4       0x2a ./Src/adxl.o
                0x080007a4                adxl_init
 *fill*         0x080007ce        0x2 
 .text.adxl_read_values
                0x080007d0       0x24 ./Src/adxl.o
                0x080007d0                adxl_read_values
 .text.adxl_read_address
                0x080007f4       0x24 ./Src/adxl.o
                0x080007f4                adxl_read_address
 .text.adxl_write
                0x08000818       0x2a ./Src/adxl.o
                0x08000818                adxl_write
 *fill*         0x08000842        0x2 
 .text.i2c1_init
                0x08000844      0x104 ./Src/i2c.o
                0x08000844                i2c1_init
 .text.i2c1_byte_read
                0x08000948       0xe8 ./Src/i2c.o
                0x08000948                i2c1_byte_read
 .text.i2c1_burst_read
                0x08000a30      0x138 ./Src/i2c.o
                0x08000a30                i2c1_burst_read
 .text.i2c1_burst_write
                0x08000b68       0xbc ./Src/i2c.o
                0x08000b68                i2c1_burst_write
 *fill*         0x08000c24        0x4 
 .text.main     0x08000c28       0xdc ./Src/main.o
                0x08000c28                main
 .text.Reset_Handler
                0x08000d04       0x50 ./Startup/startup_stm32f401retx.o
                0x08000d04                Reset_Handler
 .text.Default_Handler
                0x08000d54        0x2 ./Startup/startup_stm32f401retx.o
                0x08000d54                EXTI2_IRQHandler
                0x08000d54                DebugMon_Handler
                0x08000d54                SPI4_IRQHandler
                0x08000d54                TIM1_CC_IRQHandler
                0x08000d54                DMA2_Stream5_IRQHandler
                0x08000d54                HardFault_Handler
                0x08000d54                DMA1_Stream5_IRQHandler
                0x08000d54                SysTick_Handler
                0x08000d54                SDIO_IRQHandler
                0x08000d54                TAMP_STAMP_IRQHandler
                0x08000d54                PendSV_Handler
                0x08000d54                NMI_Handler
                0x08000d54                EXTI3_IRQHandler
                0x08000d54                TIM1_UP_TIM10_IRQHandler
                0x08000d54                I2C3_ER_IRQHandler
                0x08000d54                EXTI18_OTG_FS_WKUP_IRQHandler
                0x08000d54                EXTI0_IRQHandler
                0x08000d54                I2C2_EV_IRQHandler
                0x08000d54                DMA1_Stream2_IRQHandler
                0x08000d54                UsageFault_Handler
                0x08000d54                DMA2_Stream2_IRQHandler
                0x08000d54                SPI1_IRQHandler
                0x08000d54                TIM1_BRK_TIM9_IRQHandler
                0x08000d54                DMA2_Stream3_IRQHandler
                0x08000d54                USART6_IRQHandler
                0x08000d54                DMA2_Stream0_IRQHandler
                0x08000d54                TIM4_IRQHandler
                0x08000d54                I2C1_EV_IRQHandler
                0x08000d54                DMA1_Stream6_IRQHandler
                0x08000d54                DMA1_Stream1_IRQHandler
                0x08000d54                TIM3_IRQHandler
                0x08000d54                RCC_IRQHandler
                0x08000d54                Default_Handler
                0x08000d54                EXTI15_10_IRQHandler
                0x08000d54                ADC_IRQHandler
                0x08000d54                DMA1_Stream7_IRQHandler
                0x08000d54                TIM5_IRQHandler
                0x08000d54                DMA2_Stream7_IRQHandler
                0x08000d54                I2C3_EV_IRQHandler
                0x08000d54                EXTI9_5_IRQHandler
                0x08000d54                SPI2_IRQHandler
                0x08000d54                MemManage_Handler
                0x08000d54                DMA1_Stream0_IRQHandler
                0x08000d54                SVC_Handler
                0x08000d54                EXTI4_IRQHandler
                0x08000d54                EXTI22_RTC_WKUP_IRQHandler
                0x08000d54                TIM2_IRQHandler
                0x08000d54                EXTI16_PVD_IRQHandler
                0x08000d54                TIM1_TRG_COM_TIM11_IRQHandler
                0x08000d54                EXTI1_IRQHandler
                0x08000d54                EXTI17_RTC_Alarm_IRQHandler
                0x08000d54                USART2_IRQHandler
                0x08000d54                I2C2_ER_IRQHandler
                0x08000d54                DMA2_Stream1_IRQHandler
                0x08000d54                FLASH_IRQHandler
                0x08000d54                DMA2_Stream4_IRQHandler
                0x08000d54                BusFault_Handler
                0x08000d54                USART1_IRQHandler
                0x08000d54                OTG_FS_IRQHandler
                0x08000d54                SPI3_IRQHandler
                0x08000d54                DMA1_Stream4_IRQHandler
                0x08000d54                I2C1_ER_IRQHandler
                0x08000d54                DMA2_Stream6_IRQHandler
                0x08000d54                DMA1_Stream3_IRQHandler
 *fill*         0x08000d56        0x2 
 .text.__libc_init_array
                0x08000d58       0x48 C:/Users/naray/OneDrive/Documents/STM32CubeIDE_1.15.1/STM32CubeIDE/plugins/com.st.stm32cube.ide.mcu.externaltools.gnu-tools-for-stm32.12.3.rel1.win32_1.0.100.202403111256/tools/bin/../lib/gcc/arm-none-eabi/12.3.1/../../../../arm-none-eabi/lib/thumb/v7e-m+fp/hard\libc_nano.a(libc_a-init.o)
                0x08000d58                __libc_init_array
 *(.glue_7)
 .glue_7        0x08000da0        0x0 linker stubs
 *(.glue_7t)
 .glue_7t       0x08000da0        0x0 linker stubs
 *(.eh_frame)
 .eh_frame      0x08000da0        0x0 C:/Users/naray/OneDrive/Documents/STM32CubeIDE_1.15.1/STM32CubeIDE/plugins/com.st.stm32cube.ide.mcu.externaltools.gnu-tools-for-stm32.12.3.rel1.win32_1.0.100.202403111256/tools/bin/../lib/gcc/arm-none-eabi/12.3.1/thumb/v7e-m+fp/hard/crtbegin.o
 *(.init)
 .init          0x08000da0        0x4 C:/Users/naray/OneDrive/Documents/STM32CubeIDE_1.15.1/STM32CubeIDE/plugins/com.st.stm32cube.ide.mcu.externaltools.gnu-tools-for-stm32.12.3.rel1.win32_1.0.100.202403111256/tools/bin/../lib/gcc/arm-none-eabi/12.3.1/thumb/v7e-m+fp/hard/crti.o
                0x08000da0                _init
 .init          0x08000da4        0x8 C:/Users/naray/OneDrive/Documents/STM32CubeIDE_1.15.1/STM32CubeIDE/plugins/com.st.stm32cube.ide.mcu.externaltools.gnu-tools-for-stm32.12.3.rel1.win32_1.0.100.202403111256/tools/bin/../lib/gcc/arm-none-eabi/12.3.1/thumb/v7e-m+fp/hard/crtn.o
 *(.fini)
 .fini          0x08000dac        0x4 C:/Users/naray/OneDrive/Documents/STM32CubeIDE_1.15.1/STM32CubeIDE/plugins/com.st.stm32cube.ide.mcu.externaltools.gnu-tools-for-stm32.12.3.rel1.win32_1.0.100.202403111256/tools/bin/../lib/gcc/arm-none-eabi/12.3.1/thumb/v7e-m+fp/hard/crti.o
                0x08000dac                _fini
 .fini          0x08000db0        0x8 C:/Users/naray/OneDrive/Documents/STM32CubeIDE_1.15.1/STM32CubeIDE/plugins/com.st.stm32cube.ide.mcu.externaltools.gnu-tools-for-stm32.12.3.rel1.win32_1.0.100.202403111256/tools/bin/../lib/gcc/arm-none-eabi/12.3.1/thumb/v7e-m+fp/hard/crtn.o
                0x08000db8                        . = ALIGN (0x4)
                0x08000db8                        _etext = .

.vfp11_veneer   0x08000db8        0x0
 .vfp11_veneer  0x08000db8        0x0 linker stubs

.v4_bx          0x08000db8        0x0
 .v4_bx         0x08000db8        0x0 linker stubs

.iplt           0x08000db8        0x0
 .iplt          0x08000db8        0x0 C:/Users/naray/OneDrive/Documents/STM32CubeIDE_1.15.1/STM32CubeIDE/plugins/com.st.stm32cube.ide.mcu.externaltools.gnu-tools-for-stm32.12.3.rel1.win32_1.0.100.202403111256/tools/bin/../lib/gcc/arm-none-eabi/12.3.1/thumb/v7e-m+fp/hard/crtbegin.o

.rodata         0x08000db8        0x0
                0x08000db8                        . = ALIGN (0x4)
 *(.rodata)
 *(.rodata*)
                0x08000db8                        . = ALIGN (0x4)

.ARM.extab      0x08000db8        0x0
                0x08000db8                        . = ALIGN (0x4)
 *(.ARM.extab* .gnu.linkonce.armextab.*)
                0x08000db8                        . = ALIGN (0x4)

.ARM            0x08000db8        0x0
                0x08000db8                        . = ALIGN (0x4)
                0x08000db8                        __exidx_start = .
 *(.ARM.exidx*)
                0x08000db8                        __exidx_end = .
                0x08000db8                        . = ALIGN (0x4)

.preinit_array  0x08000db8        0x0
                0x08000db8                        . = ALIGN (0x4)
                0x08000db8                        PROVIDE (__preinit_array_start = .)
 *(.preinit_array*)
                0x08000db8                        PROVIDE (__preinit_array_end = .)
                0x08000db8                        . = ALIGN (0x4)

.init_array     0x08000db8        0x4
                0x08000db8                        . = ALIGN (0x4)
                0x08000db8                        PROVIDE (__init_array_start = .)
 *(SORT_BY_NAME(.init_array.*))
 *(.init_array*)
 .init_array    0x08000db8        0x4 C:/Users/naray/OneDrive/Documents/STM32CubeIDE_1.15.1/STM32CubeIDE/plugins/com.st.stm32cube.ide.mcu.externaltools.gnu-tools-for-stm32.12.3.rel1.win32_1.0.100.202403111256/tools/bin/../lib/gcc/arm-none-eabi/12.3.1/thumb/v7e-m+fp/hard/crtbegin.o
                0x08000dbc                        PROVIDE (__init_array_end = .)
                0x08000dbc                        . = ALIGN (0x4)

.fini_array     0x08000dbc        0x4
                0x08000dbc                        . = ALIGN (0x4)
                [!provide]                        PROVIDE (__fini_array_start = .)
 *(SORT_BY_NAME(.fini_array.*))
 *(.fini_array*)
 .fini_array    0x08000dbc        0x4 C:/Users/naray/OneDrive/Documents/STM32CubeIDE_1.15.1/STM32CubeIDE/plugins/com.st.stm32cube.ide.mcu.externaltools.gnu-tools-for-stm32.12.3.rel1.win32_1.0.100.202403111256/tools/bin/../lib/gcc/arm-none-eabi/12.3.1/thumb/v7e-m+fp/hard/crtbegin.o
                [!provide]                        PROVIDE (__fini_array_end = .)
                0x08000dc0                        . = ALIGN (0x4)
                0x08000dc0                        _sidata = LOADADDR (.data)

.rel.dyn        0x08000dc0        0x0
 .rel.iplt      0x08000dc0        0x0 C:/Users/naray/OneDrive/Documents/STM32CubeIDE_1.15.1/STM32CubeIDE/plugins/com.st.stm32cube.ide.mcu.externaltools.gnu-tools-for-stm32.12.3.rel1.win32_1.0.100.202403111256/tools/bin/../lib/gcc/arm-none-eabi/12.3.1/thumb/v7e-m+fp/hard/crtbegin.o

.data           0x20000000        0x0 load address 0x08000dc0
                0x20000000                        . = ALIGN (0x4)
                0x20000000                        _sdata = .
 *(.data)
 *(.data*)
 *(.RamFunc)
 *(.RamFunc*)
                0x20000000                        . = ALIGN (0x4)
                0x20000000                        _edata = .

.igot.plt       0x20000000        0x0 load address 0x08000dc0
 .igot.plt      0x20000000        0x0 C:/Users/naray/OneDrive/Documents/STM32CubeIDE_1.15.1/STM32CubeIDE/plugins/com.st.stm32cube.ide.mcu.externaltools.gnu-tools-for-stm32.12.3.rel1.win32_1.0.100.202403111256/tools/bin/../lib/gcc/arm-none-eabi/12.3.1/thumb/v7e-m+fp/hard/crtbegin.o
                0x20000000                        . = ALIGN (0x4)

.bss            0x20000000       0x48 load address 0x08000dc0
                0x20000000                        _sbss = .
                0x20000000                        __bss_start__ = _sbss
 *(.bss)
 .bss           0x20000000       0x1c C:/Users/naray/OneDrive/Documents/STM32CubeIDE_1.15.1/STM32CubeIDE/plugins/com.st.stm32cube.ide.mcu.externaltools.gnu-tools-for-stm32.12.3.rel1.win32_1.0.100.202403111256/tools/bin/../lib/gcc/arm-none-eabi/12.3.1/thumb/v7e-m+fp/hard/crtbegin.o
 *(.bss*)
 .bss.data      0x2000001c        0x1 ./Src/adxl.o
                0x2000001c                data
 *fill*         0x2000001d        0x3 
 .bss.data_rec  0x20000020        0x6 ./Src/adxl.o
                0x20000020                data_rec
 .bss.x         0x20000026        0x2 ./Src/main.o
                0x20000026                x
 .bss.y         0x20000028        0x2 ./Src/main.o
                0x20000028                y
 .bss.z         0x2000002a        0x2 ./Src/main.o
                0x2000002a                z
 *fill*         0x2000002c        0x4 
 .bss.xg        0x20000030        0x8 ./Src/main.o
                0x20000030                xg
 .bss.yg        0x20000038        0x8 ./Src/main.o
                0x20000038                yg
 .bss.zg        0x20000040        0x8 ./Src/main.o
                0x20000040                zg
 *(COMMON)
                0x20000048                        . = ALIGN (0x4)
                0x20000048                        _ebss = .
                0x20000048                        __bss_end__ = _ebss

._user_heap_stack
                0x20000048      0x600 load address 0x08000dc0
                0x20000048                        . = ALIGN (0x8)
                [!provide]                        PROVIDE (end = .)
                0x20000048                        PROVIDE (_end = .)
                0x20000248                        . = (. + _Min_Heap_Size)
 *fill*         0x20000048      0x200 
                0x20000648                        . = (. + _Min_Stack_Size)
 *fill*         0x20000248      0x400 
                0x20000648                        . = ALIGN (0x8)

/DISCARD/
 libc.a(*)
 libm.a(*)
 libgcc.a(*)

.ARM.attributes
                0x00000000       0x30
 *(.ARM.attributes)
 .ARM.attributes
                0x00000000       0x22 C:/Users/naray/OneDrive/Documents/STM32CubeIDE_1.15.1/STM32CubeIDE/plugins/com.st.stm32cube.ide.mcu.externaltools.gnu-tools-for-stm32.12.3.rel1.win32_1.0.100.202403111256/tools/bin/../lib/gcc/arm-none-eabi/12.3.1/thumb/v7e-m+fp/hard/crti.o
 .ARM.attributes
                0x00000022       0x34 C:/Users/naray/OneDrive/Documents/STM32CubeIDE_1.15.1/STM32CubeIDE/plugins/com.st.stm32cube.ide.mcu.externaltools.gnu-tools-for-stm32.12.3.rel1.win32_1.0.100.202403111256/tools/bin/../lib/gcc/arm-none-eabi/12.3.1/thumb/v7e-m+fp/hard/crtbegin.o
 .ARM.attributes
                0x00000056       0x34 ./Src/adxl.o
 .ARM.attributes
                0x0000008a       0x34 ./Src/i2c.o
 .ARM.attributes
                0x000000be       0x34 ./Src/main.o
 .ARM.attributes
                0x000000f2       0x21 ./Startup/startup_stm32f401retx.o
 .ARM.attributes
                0x00000113       0x34 C:/Users/naray/OneDrive/Documents/STM32CubeIDE_1.15.1/STM32CubeIDE/plugins/com.st.stm32cube.ide.mcu.externaltools.gnu-tools-for-stm32.12.3.rel1.win32_1.0.100.202403111256/tools/bin/../lib/gcc/arm-none-eabi/12.3.1/../../../../arm-none-eabi/lib/thumb/v7e-m+fp/hard\libc_nano.a(libc_a-init.o)
 .ARM.attributes
                0x00000147       0x22 C:/Users/naray/OneDrive/Documents/STM32CubeIDE_1.15.1/STM32CubeIDE/plugins/com.st.stm32cube.ide.mcu.externaltools.gnu-tools-for-stm32.12.3.rel1.win32_1.0.100.202403111256/tools/bin/../lib/gcc/arm-none-eabi/12.3.1/thumb/v7e-m+fp/hard\libgcc.a(_arm_muldf3.o)
 .ARM.attributes
                0x00000169       0x22 C:/Users/naray/OneDrive/Documents/STM32CubeIDE_1.15.1/STM32CubeIDE/plugins/com.st.stm32cube.ide.mcu.externaltools.gnu-tools-for-stm32.12.3.rel1.win32_1.0.100.202403111256/tools/bin/../lib/gcc/arm-none-eabi/12.3.1/thumb/v7e-m+fp/hard\libgcc.a(_arm_addsubdf3.o)
 .ARM.attributes
                0x0000018b       0x22 C:/Users/naray/OneDrive/Documents/STM32CubeIDE_1.15.1/STM32CubeIDE/plugins/com.st.stm32cube.ide.mcu.externaltools.gnu-tools-for-stm32.12.3.rel1.win32_1.0.100.202403111256/tools/bin/../lib/gcc/arm-none-eabi/12.3.1/thumb/v7e-m+fp/hard/crtn.o
OUTPUT(10_I2C_ADXL345.elf elf32-littlearm)
LOAD linker stubs
LOAD C:/Users/naray/OneDrive/Documents/STM32CubeIDE_1.15.1/STM32CubeIDE/plugins/com.st.stm32cube.ide.mcu.externaltools.gnu-tools-for-stm32.12.3.rel1.win32_1.0.100.202403111256/tools/bin/../lib/gcc/arm-none-eabi/12.3.1/../../../../arm-none-eabi/lib/thumb/v7e-m+fp/hard\libc.a
LOAD C:/Users/naray/OneDrive/Documents/STM32CubeIDE_1.15.1/STM32CubeIDE/plugins/com.st.stm32cube.ide.mcu.externaltools.gnu-tools-for-stm32.12.3.rel1.win32_1.0.100.202403111256/tools/bin/../lib/gcc/arm-none-eabi/12.3.1/../../../../arm-none-eabi/lib/thumb/v7e-m+fp/hard\libm.a
LOAD C:/Users/naray/OneDrive/Documents/STM32CubeIDE_1.15.1/STM32CubeIDE/plugins/com.st.stm32cube.ide.mcu.externaltools.gnu-tools-for-stm32.12.3.rel1.win32_1.0.100.202403111256/tools/bin/../lib/gcc/arm-none-eabi/12.3.1/thumb/v7e-m+fp/hard\libgcc.a

.debug_info     0x00000000      0x7ec
 .debug_info    0x00000000      0x1d8 ./Src/adxl.o
 .debug_info    0x000001d8      0x485 ./Src/i2c.o
 .debug_info    0x0000065d      0x15f ./Src/main.o
 .debug_info    0x000007bc       0x30 ./Startup/startup_stm32f401retx.o

.debug_abbrev   0x00000000      0x2e7
 .debug_abbrev  0x00000000      0x105 ./Src/adxl.o
 .debug_abbrev  0x00000105      0x100 ./Src/i2c.o
 .debug_abbrev  0x00000205       0xbe ./Src/main.o
 .debug_abbrev  0x000002c3       0x24 ./Startup/startup_stm32f401retx.o

.debug_aranges  0x00000000       0xb8
 .debug_aranges
                0x00000000       0x38 ./Src/adxl.o
 .debug_aranges
                0x00000038       0x38 ./Src/i2c.o
 .debug_aranges
                0x00000070       0x20 ./Src/main.o
 .debug_aranges
                0x00000090       0x28 ./Startup/startup_stm32f401retx.o

.debug_rnglists
                0x00000000       0x7b
 .debug_rnglists
                0x00000000       0x25 ./Src/adxl.o
 .debug_rnglists
                0x00000025       0x29 ./Src/i2c.o
 .debug_rnglists
                0x0000004e       0x14 ./Src/main.o
 .debug_rnglists
                0x00000062       0x19 ./Startup/startup_stm32f401retx.o

.debug_macro    0x00000000     0xea51
 .debug_macro   0x00000000      0x1c4 ./Src/adxl.o
 .debug_macro   0x000001c4      0xac6 ./Src/adxl.o
 .debug_macro   0x00000c8a       0x28 ./Src/adxl.o
 .debug_macro   0x00000cb2       0x28 ./Src/adxl.o
 .debug_macro   0x00000cda       0x22 ./Src/adxl.o
 .debug_macro   0x00000cfc       0x8e ./Src/adxl.o
 .debug_macro   0x00000d8a       0x51 ./Src/adxl.o
 .debug_macro   0x00000ddb      0x103 ./Src/adxl.o
 .debug_macro   0x00000ede       0x6a ./Src/adxl.o
 .debug_macro   0x00000f48      0x1df ./Src/adxl.o
 .debug_macro   0x00001127       0x1c ./Src/adxl.o
 .debug_macro   0x00001143       0x22 ./Src/adxl.o
 .debug_macro   0x00001165       0xfb ./Src/adxl.o
 .debug_macro   0x00001260     0x1011 ./Src/adxl.o
 .debug_macro   0x00002271      0x11f ./Src/adxl.o
 .debug_macro   0x00002390     0xb86c ./Src/adxl.o
 .debug_macro   0x0000dbfc       0x6d ./Src/adxl.o
 .debug_macro   0x0000dc69       0x61 ./Src/adxl.o
 .debug_macro   0x0000dcca       0x2a ./Src/adxl.o
 .debug_macro   0x0000dcf4       0x43 ./Src/adxl.o
 .debug_macro   0x0000dd37       0x34 ./Src/adxl.o
 .debug_macro   0x0000dd6b       0x16 ./Src/adxl.o
 .debug_macro   0x0000dd81       0x9e ./Src/adxl.o
 .debug_macro   0x0000de1f      0x369 ./Src/adxl.o
 .debug_macro   0x0000e188      0x10b ./Src/adxl.o
 .debug_macro   0x0000e293       0x10 ./Src/adxl.o
 .debug_macro   0x0000e2a3       0x16 ./Src/adxl.o
 .debug_macro   0x0000e2b9       0x43 ./Src/adxl.o
 .debug_macro   0x0000e2fc       0x34 ./Src/adxl.o
 .debug_macro   0x0000e330       0x10 ./Src/adxl.o
 .debug_macro   0x0000e340       0x58 ./Src/adxl.o
 .debug_macro   0x0000e398       0x8e ./Src/adxl.o
 .debug_macro   0x0000e426       0x1c ./Src/adxl.o
 .debug_macro   0x0000e442      0x177 ./Src/adxl.o
 .debug_macro   0x0000e5b9       0x16 ./Src/adxl.o
 .debug_macro   0x0000e5cf       0x16 ./Src/adxl.o
 .debug_macro   0x0000e5e5      0x146 ./Src/adxl.o
 .debug_macro   0x0000e72b       0x3a ./Src/adxl.o
 .debug_macro   0x0000e765      0x128 ./Src/i2c.o
 .debug_macro   0x0000e88d      0x1c4 ./Src/main.o

.debug_line     0x00000000     0x17e9
 .debug_line    0x00000000      0x6fe ./Src/adxl.o
 .debug_line    0x000006fe      0x909 ./Src/i2c.o
 .debug_line    0x00001007      0x767 ./Src/main.o
 .debug_line    0x0000176e       0x7b ./Startup/startup_stm32f401retx.o

.debug_str      0x00000000    0x53423
 .debug_str     0x00000000    0x530e9 ./Src/adxl.o
                              0x532d3 (size before relaxing)
 .debug_str     0x000530e9      0x28e ./Src/i2c.o
                              0x4f9f3 (size before relaxing)
 .debug_str     0x00053377       0x1d ./Src/main.o
                              0x5328f (size before relaxing)
 .debug_str     0x00053394       0x8f ./Startup/startup_stm32f401retx.o

.comment        0x00000000       0x43
 .comment       0x00000000       0x43 ./Src/adxl.o
                                 0x44 (size before relaxing)
 .comment       0x00000043       0x44 ./Src/i2c.o
 .comment       0x00000043       0x44 ./Src/main.o

.debug_frame    0x00000000      0x274
 .debug_frame   0x00000000       0x98 ./Src/adxl.o
 .debug_frame   0x00000098       0xa8 ./Src/i2c.o
 .debug_frame   0x00000140       0x2c ./Src/main.o
 .debug_frame   0x0000016c       0x2c C:/Users/naray/OneDrive/Documents/STM32CubeIDE_1.15.1/STM32CubeIDE/plugins/com.st.stm32cube.ide.mcu.externaltools.gnu-tools-for-stm32.12.3.rel1.win32_1.0.100.202403111256/tools/bin/../lib/gcc/arm-none-eabi/12.3.1/../../../../arm-none-eabi/lib/thumb/v7e-m+fp/hard\libc_nano.a(libc_a-init.o)
 .debug_frame   0x00000198       0x30 C:/Users/naray/OneDrive/Documents/STM32CubeIDE_1.15.1/STM32CubeIDE/plugins/com.st.stm32cube.ide.mcu.externaltools.gnu-tools-for-stm32.12.3.rel1.win32_1.0.100.202403111256/tools/bin/../lib/gcc/arm-none-eabi/12.3.1/thumb/v7e-m+fp/hard\libgcc.a(_arm_muldf3.o)
 .debug_frame   0x000001c8       0xac C:/Users/naray/OneDrive/Documents/STM32CubeIDE_1.15.1/STM32CubeIDE/plugins/com.st.stm32cube.ide.mcu.externaltools.gnu-tools-for-stm32.12.3.rel1.win32_1.0.100.202403111256/tools/bin/../lib/gcc/arm-none-eabi/12.3.1/thumb/v7e-m+fp/hard\libgcc.a(_arm_addsubdf3.o)

.debug_line_str
                0x00000000       0x73
 .debug_line_str
                0x00000000       0x73 ./Startup/startup_stm32f401retx.o
