Archive member included to satisfy reference by file (symbol)

C:/Users/naray/OneDrive/Documents/STM32CubeIDE_1.15.1/STM32CubeIDE/plugins/com.st.stm32cube.ide.mcu.externaltools.gnu-tools-for-stm32.12.3.rel1.win32_1.0.100.202403111256/tools/bin/../lib/gcc/arm-none-eabi/12.3.1/../../../../arm-none-eabi/lib/thumb/v7e-m+fp/hard\libc_nano.a(libc_a-exit.o)
                              C:/Users/naray/OneDrive/Documents/STM32CubeIDE_1.15.1/STM32CubeIDE/plugins/com.st.stm32cube.ide.mcu.externaltools.gnu-tools-for-stm32.12.3.rel1.win32_1.0.100.202403111256/tools/bin/../lib/gcc/arm-none-eabi/12.3.1/../../../../arm-none-eabi/lib/thumb/v7e-m+fp/hard/crt0.o (exit)
C:/Users/naray/OneDrive/Documents/STM32CubeIDE_1.15.1/STM32CubeIDE/plugins/com.st.stm32cube.ide.mcu.externaltools.gnu-tools-for-stm32.12.3.rel1.win32_1.0.100.202403111256/tools/bin/../lib/gcc/arm-none-eabi/12.3.1/../../../../arm-none-eabi/lib/thumb/v7e-m+fp/hard\libc_nano.a(libc_a-findfp.o)
                              C:/Users/naray/OneDrive/Documents/STM32CubeIDE_1.15.1/STM32CubeIDE/plugins/com.st.stm32cube.ide.mcu.externaltools.gnu-tools-for-stm32.12.3.rel1.win32_1.0.100.202403111256/tools/bin/../lib/gcc/arm-none-eabi/12.3.1/../../../../arm-none-eabi/lib/thumb/v7e-m+fp/hard\libc_nano.a(libc_a-exit.o) (__stdio_exit_handler)
C:/Users/naray/OneDrive/Documents/STM32CubeIDE_1.15.1/STM32CubeIDE/plugins/com.st.stm32cube.ide.mcu.externaltools.gnu-tools-for-stm32.12.3.rel1.win32_1.0.100.202403111256/tools/bin/../lib/gcc/arm-none-eabi/12.3.1/../../../../arm-none-eabi/lib/thumb/v7e-m+fp/hard\libc_nano.a(libc_a-fwalk.o)
                              C:/Users/naray/OneDrive/Documents/STM32CubeIDE_1.15.1/STM32CubeIDE/plugins/com.st.stm32cube.ide.mcu.externaltools.gnu-tools-for-stm32.12.3.rel1.win32_1.0.100.202403111256/tools/bin/../lib/gcc/arm-none-eabi/12.3.1/../../../../arm-none-eabi/lib/thumb/v7e-m+fp/hard\libc_nano.a(libc_a-findfp.o) (_fwalk_sglue)
C:/Users/naray/OneDrive/Documents/STM32CubeIDE_1.15.1/STM32CubeIDE/plugins/com.st.stm32cube.ide.mcu.externaltools.gnu-tools-for-stm32.12.3.rel1.win32_1.0.100.202403111256/tools/bin/../lib/gcc/arm-none-eabi/12.3.1/../../../../arm-none-eabi/lib/thumb/v7e-m+fp/hard\libc_nano.a(libc_a-stdio.o)
                              C:/Users/naray/OneDrive/Documents/STM32CubeIDE_1.15.1/STM32CubeIDE/plugins/com.st.stm32cube.ide.mcu.externaltools.gnu-tools-for-stm32.12.3.rel1.win32_1.0.100.202403111256/tools/bin/../lib/gcc/arm-none-eabi/12.3.1/../../../../arm-none-eabi/lib/thumb/v7e-m+fp/hard\libc_nano.a(libc_a-findfp.o) (__sread)
C:/Users/naray/OneDrive/Documents/STM32CubeIDE_1.15.1/STM32CubeIDE/plugins/com.st.stm32cube.ide.mcu.externaltools.gnu-tools-for-stm32.12.3.rel1.win32_1.0.100.202403111256/tools/bin/../lib/gcc/arm-none-eabi/12.3.1/../../../../arm-none-eabi/lib/thumb/v7e-m+fp/hard\libc_nano.a(libc_a-memset.o)
                              C:/Users/naray/OneDrive/Documents/STM32CubeIDE_1.15.1/STM32CubeIDE/plugins/com.st.stm32cube.ide.mcu.externaltools.gnu-tools-for-stm32.12.3.rel1.win32_1.0.100.202403111256/tools/bin/../lib/gcc/arm-none-eabi/12.3.1/../../../../arm-none-eabi/lib/thumb/v7e-m+fp/hard/crt0.o (memset)
C:/Users/naray/OneDrive/Documents/STM32CubeIDE_1.15.1/STM32CubeIDE/plugins/com.st.stm32cube.ide.mcu.externaltools.gnu-tools-for-stm32.12.3.rel1.win32_1.0.100.202403111256/tools/bin/../lib/gcc/arm-none-eabi/12.3.1/../../../../arm-none-eabi/lib/thumb/v7e-m+fp/hard\libc_nano.a(libc_a-closer.o)
                              C:/Users/naray/OneDrive/Documents/STM32CubeIDE_1.15.1/STM32CubeIDE/plugins/com.st.stm32cube.ide.mcu.externaltools.gnu-tools-for-stm32.12.3.rel1.win32_1.0.100.202403111256/tools/bin/../lib/gcc/arm-none-eabi/12.3.1/../../../../arm-none-eabi/lib/thumb/v7e-m+fp/hard\libc_nano.a(libc_a-stdio.o) (_close_r)
C:/Users/naray/OneDrive/Documents/STM32CubeIDE_1.15.1/STM32CubeIDE/plugins/com.st.stm32cube.ide.mcu.externaltools.gnu-tools-for-stm32.12.3.rel1.win32_1.0.100.202403111256/tools/bin/../lib/gcc/arm-none-eabi/12.3.1/../../../../arm-none-eabi/lib/thumb/v7e-m+fp/hard\libc_nano.a(libc_a-reent.o)
                              C:/Users/naray/OneDrive/Documents/STM32CubeIDE_1.15.1/STM32CubeIDE/plugins/com.st.stm32cube.ide.mcu.externaltools.gnu-tools-for-stm32.12.3.rel1.win32_1.0.100.202403111256/tools/bin/../lib/gcc/arm-none-eabi/12.3.1/../../../../arm-none-eabi/lib/thumb/v7e-m+fp/hard\libc_nano.a(libc_a-closer.o) (errno)
C:/Users/naray/OneDrive/Documents/STM32CubeIDE_1.15.1/STM32CubeIDE/plugins/com.st.stm32cube.ide.mcu.externaltools.gnu-tools-for-stm32.12.3.rel1.win32_1.0.100.202403111256/tools/bin/../lib/gcc/arm-none-eabi/12.3.1/../../../../arm-none-eabi/lib/thumb/v7e-m+fp/hard\libc_nano.a(libc_a-impure.o)
[...]
Memory Configuration

Name             Origin             Length             Attributes
RAM              0x20000000         0x00018000         xrw
FLASH            0x08000000         0x00080000         xr
*default*        0x00000000         0xffffffff

Linker script and memory map

LOAD C:/Users/naray/OneDrive/Documents/STM32CubeIDE_1.15.1/STM32CubeIDE/plugins/com.st.stm32cube.ide.mcu.externaltools.gnu-tools-for-stm32.12.3.rel1.win32_1.0.100.202403111256/tools/bin/../lib/gcc/arm-none-eabi/12.3.1/thumb/v7e-m+fp/hard/crti.o
LOAD C:/Users/naray/OneDrive/Documents/STM32CubeIDE_1.15.1/STM32CubeIDE/plugins/com.st.stm32cube.ide.mcu.externaltools.gnu-tools-for-stm32.12.3.rel1.win32_1.0.100.202403111256/tools/bin/../lib/gcc/arm-none-eabi/12.3.1/thumb/v7e-m+fp/hard/crtbegin.o
LOAD C:/Users/naray/OneDrive/Documents/STM32CubeIDE_1.15.1/STM32CubeIDE/plugins/com.st.stm32cube.ide.mcu.externaltools.gnu-tools-for-stm32.12.3.rel1.win32_1.0.100.202403111256/tools/bin/../lib/gcc/arm-none-eabi/12.3.1/../../../../arm-none-eabi/lib/thumb/v7e-m+fp/hard/crt0.o
LOAD ./Src/adxl.o
LOAD ./Src/main.o
LOAD ./Src/spi.o
LOAD ./Src/syscalls.o
LOAD ./Src/sysmem.o
LOAD ./Startup/startup_stm32f401retx.o
START GROUP
LOAD C:/Users/naray/OneDrive/Documents/STM32CubeIDE_1.15.1/STM32CubeIDE/plugins/com.st.stm32cube.ide.mcu.externaltools.gnu-tools-for-stm32.12.3.rel1.win32_1.0.100.202403111256/tools/bin/../lib/gcc/arm-none-eabi/12.3.1/../../../../arm-none-eabi/lib/thumb/v7e-m+fp/hard\libc_nano.a
LOAD C:/Users/naray/OneDrive/Documents/STM32CubeIDE_1.15.1/STM32CubeIDE/plugins/com.st.stm32cube.ide.mcu.externaltools.gnu-tools-for-stm32.12.3.rel1.win32_1.0.100.202403111256/tools/bin/../lib/gcc/arm-none-eabi/12.3.1/../../../../arm-none-eabi/lib/thumb/v7e-m+fp/hard\libm.a
END GROUP
START GROUP
LOAD C:/Users/naray/OneDrive/Documents/STM32CubeIDE_1.15.1/STM32CubeIDE/plugins/com.st.stm32cube.ide.mcu.externaltools.gnu-tools-for-stm32.12.3.rel1.win32_1.0.100.202403111256/tools/bin/../lib/gcc/arm-none-eabi/12.3.1/thumb/v7e-m+fp/hard\libgcc.a
LOAD C:/Users/naray/OneDrive/Documents/STM32CubeIDE_1.15.1/STM32CubeIDE/plugins/com.st.stm32cube.ide.mcu.externaltools.gnu-tools-for-stm32.12.3.rel1.win32_1.0.100.202403111256/tools/bin/../lib/gcc/arm-none-eabi/12.3.1/../../../../arm-none-eabi/lib/thumb/v7e-m+fp/hard\libc_nano.a
END GROUP
START GROUP
LOAD C:/Users/naray/OneDrive/Documents/STM32CubeIDE_1.15.1/STM32CubeIDE/plugins/com.st.stm32cube.ide.mcu.externaltools.gnu-tools-for-stm32.12.3.rel1.win32_1.0.100.202403111256/tools/bin/../lib/gcc/arm-none-eabi/12.3.1/thumb/v7e-m+fp/hard\libgcc.a
LOAD C:/Users/naray/OneDrive/Documents/STM32CubeIDE_1.15.1/STM32CubeIDE/plugins/com.st.stm32cube.ide.mcu.externaltools.gnu-tools-for-stm32.12.3.rel1.win32_1.0.100.202403111256/tools/bin/../lib/gcc/arm-none-eabi/12.3.1/../../../../arm-none-eabi/lib/thumb/v7e-m+fp/hard\libc_nano.a
LOAD C:/Users/naray/OneDrive/Documents/STM32CubeIDE_1.15.1/STM32CubeIDE/plugins/com.st.stm32cube.ide.mcu.externaltools.gnu-tools-for-stm32.12.3.rel1.win32_1.0.100.202403111256/tools/bin/../lib/gcc/arm-none-eabi/12.3.1/../../../../arm-none-eabi/lib/thumb/v7e-m+fp/hard\libnosys.a
END GROUP
START GROUP
LOAD C:/Users/naray/OneDrive/Documents/STM32CubeIDE_1.15.1/STM32CubeIDE/plugins/com.st.stm32cube.ide.mcu.externaltools.gnu-tools-for-stm32.12.3.rel1.win32_1.0.100.202403111256/tools/bin/../lib/gcc/arm-none-eabi/12.3.1/thumb/v7e-m+fp/hard\libgcc.a
LOAD C:/Users/naray/OneDrive/Documents/STM32CubeIDE_1.15.1/STM32CubeIDE/plugins/com.st.stm32cube.ide.mcu.externaltools.gnu-tools-for-stm32.12.3.rel1.win32_1.0.100.202403111256/tools/bin/../lib/gcc/arm-none-eabi/12.3.1/../../../../arm-none-eabi/lib/thumb/v7e-m+fp/hard\libc_nano.a
LOAD C:/Users/naray/OneDrive/Documents/STM32CubeIDE_1.15.1/STM32CubeIDE/plugins/com.st.stm32cube.ide.mcu.externaltools.gnu-tools-for-stm32.12.3.rel1.win32_1.0.100.202403111256/tools/bin/../lib/gcc/arm-none-eabi/12.3.1/../../../../arm-none-eabi/lib/thumb/v7e-m+fp/hard\libnosys.a
END GROUP
LOAD C:/Users/naray/OneDrive/Documents/STM32CubeIDE_1.15.1/STM32CubeIDE/plugins/com.st.stm32cube.ide.mcu.externaltools.gnu-tools-for-stm32.12.3.rel1.win32_1.0.100.202403111256/tools/bin/../lib/gcc/arm-none-eabi/12.3.1/thumb/v7e-m+fp/hard/crtend.o
LOAD C:/Users/naray/OneDrive/Documents/STM32CubeIDE_1.15.1/STM32CubeIDE/plugins/com.st.stm32cube.ide.mcu.externaltools.gnu-tools-for-stm32.12.3.rel1.win32_1.0.100.202403111256/tools/bin/../lib/gcc/arm-none-eabi/12.3.1/thumb/v7e-m+fp/hard/crtn.o
                0x20018000                        _estack = (ORIGIN (RAM) + LENGTH (RAM))
                0x00000200                        _Min_Heap_Size = 0x200
                0x00000400                        _Min_Stack_Size = 0x400

.isr_vector     0x08000000      0x194
                0x08000000                        . = ALIGN (0x4)
 *(.isr_vector)
 .isr_vector    0x08000000      0x194 ./Startup/startup_stm32f401retx.o
                0x08000000                g_pfnVectors
                0x08000194                        . = ALIGN (0x4)

.text           0x08000198      0xb04
                0x08000198                        . = ALIGN (0x4)
 *(.text)
 .text          0x08000198       0x40 C:/Users/naray/OneDrive/Documents/STM32CubeIDE_1.15.1/STM32CubeIDE/plugins/com.st.stm32cube.ide.mcu.externaltools.gnu-tools-for-stm32.12.3.rel1.win32_1.0.100.202403111256/tools/bin/../lib/gcc/arm-none-eabi/12.3.1/thumb/v7e-m+fp/hard/crtbegin.o
 .text          0x080001d8      0x254 C:/Users/naray/OneDrive/Documents/STM32CubeIDE_1.15.1/STM32CubeIDE/plugins/com.st.stm32cube.ide.mcu.externaltools.gnu-tools-for-stm32.12.3.rel1.win32_1.0.100.202403111256/tools/bin/../lib/gcc/arm-none-eabi/12.3.1/thumb/v7e-m+fp/hard\libgcc.a(_arm_muldf3.o)
                0x080001d8                __muldf3
                0x080001d8                __aeabi_dmul
 .text          0x0800042c      0x378 C:/Users/naray/OneDrive/Documents/STM32CubeIDE_1.15.1/STM32CubeIDE/plugins/com.st.stm32cube.ide.mcu.externaltools.gnu-tools-for-stm32.12.3.rel1.win32_1.0.100.202403111256/tools/bin/../lib/gcc/arm-none-eabi/12.3.1/thumb/v7e-m+fp/hard\libgcc.a(_arm_addsubdf3.o)
                0x0800042c                __aeabi_drsub
                0x08000434                __aeabi_dsub
                0x08000434                __subdf3
                0x08000438                __aeabi_dadd
                0x08000438                __adddf3
                0x080006b0                __floatunsidf
                0x080006b0                __aeabi_ui2d
                0x080006d0                __floatsidf
                0x080006d0                __aeabi_i2d
                0x080006f4                __aeabi_f2d
                0x080006f4                __extendsfdf2
                0x08000738                __floatundidf
                0x08000738                __aeabi_ul2d
                0x08000748                __floatdidf
                0x08000748                __aeabi_l2d
 *(.text*)
 .text.adxl_init
                0x080007a4       0x28 ./Src/adxl.o
                0x080007a4                adxl_init
 .text.adxl_read
                0x080007cc       0x42 ./Src/adxl.o
                0x080007cc                adxl_read
 .text.adxl_write
                0x0800080e       0x3a ./Src/adxl.o
                0x0800080e                adxl_write
 .text.main     0x08000848       0xdc ./Src/main.o
                0x08000848                main
 .text.spi1_gpio_init
                0x08000924      0x114 ./Src/spi.o
                0x08000924                spi1_gpio_init
 .text.spi1_init
                0x08000a38       0xb4 ./Src/spi.o
                0x08000a38                spi1_init
 .text.spi1_write
                0x08000aec       0x70 ./Src/spi.o
                0x08000aec                spi1_write
 .text.spi1_read
                0x08000b5c       0x4c ./Src/spi.o
                0x08000b5c                spi1_read
 .text.cs_enable
                0x08000ba8       0x20 ./Src/spi.o
                0x08000ba8                cs_enable
 .text.cs_disable
                0x08000bc8       0x20 ./Src/spi.o
                0x08000bc8                cs_disable
 .text.Reset_Handler
                0x08000be8       0x50 ./Startup/startup_stm32f401retx.o
                0x08000be8                Reset_Handler
 .text.Default_Handler
                0x08000c38        0x2 ./Startup/startup_stm32f401retx.o
                0x08000c38                EXTI2_IRQHandler
                0x08000c38                DebugMon_Handler
                0x08000c38                SPI4_IRQHandler
                0x08000c38                TIM1_CC_IRQHandler
                0x08000c38                DMA2_Stream5_IRQHandler
                0x08000c38                HardFault_Handler
                0x08000c38                DMA1_Stream5_IRQHandler
                0x08000c38                SysTick_Handler
                0x08000c38                SDIO_IRQHandler
                0x08000c38                TAMP_STAMP_IRQHandler
                0x08000c38                PendSV_Handler
                0x08000c38                NMI_Handler
                0x08000c38                EXTI3_IRQHandler
                0x08000c38                TIM1_UP_TIM10_IRQHandler
                0x08000c38                I2C3_ER_IRQHandler
                0x08000c38                EXTI18_OTG_FS_WKUP_IRQHandler
                0x08000c38                EXTI0_IRQHandler
                0x08000c38                I2C2_EV_IRQHandler
                0x08000c38                DMA1_Stream2_IRQHandler
                0x08000c38                UsageFault_Handler
                0x08000c38                DMA2_Stream2_IRQHandler
                0x08000c38                SPI1_IRQHandler
                0x08000c38                TIM1_BRK_TIM9_IRQHandler
                0x08000c38                DMA2_Stream3_IRQHandler
                0x08000c38                USART6_IRQHandler
                0x08000c38                DMA2_Stream0_IRQHandler
                0x08000c38                TIM4_IRQHandler
                0x08000c38                I2C1_EV_IRQHandler
                0x08000c38                DMA1_Stream6_IRQHandler
                0x08000c38                DMA1_Stream1_IRQHandler
                0x08000c38                TIM3_IRQHandler
                0x08000c38                RCC_IRQHandler
                0x08000c38                Default_Handler
                0x08000c38                EXTI15_10_IRQHandler
                0x08000c38                ADC_IRQHandler
                0x08000c38                DMA1_Stream7_IRQHandler
                0x08000c38                TIM5_IRQHandler
                0x08000c38                DMA2_Stream7_IRQHandler
                0x08000c38                I2C3_EV_IRQHandler
                0x08000c38                EXTI9_5_IRQHandler
                0x08000c38                SPI2_IRQHandler
                0x08000c38                MemManage_Handler
                0x08000c38                DMA1_Stream0_IRQHandler
                0x08000c38                SVC_Handler
                0x08000c38                EXTI4_IRQHandler
                0x08000c38                EXTI22_RTC_WKUP_IRQHandler
                0x08000c38                TIM2_IRQHandler
                0x08000c38                EXTI16_PVD_IRQHandler
                0x08000c38                TIM1_TRG_COM_TIM11_IRQHandler
                0x08000c38                EXTI1_IRQHandler
                0x08000c38                EXTI17_RTC_Alarm_IRQHandler
                0x08000c38                USART2_IRQHandler
                0x08000c38                I2C2_ER_IRQHandler
                0x08000c38                DMA2_Stream1_IRQHandler
                0x08000c38                FLASH_IRQHandler
                0x08000c38                DMA2_Stream4_IRQHandler
                0x08000c38                BusFault_Handler
                0x08000c38                USART1_IRQHandler
                0x08000c38                OTG_FS_IRQHandler
                0x08000c38                SPI3_IRQHandler
                0x08000c38                DMA1_Stream4_IRQHandler
                0x08000c38                I2C1_ER_IRQHandler
                0x08000c38                DMA2_Stream6_IRQHandler
                0x08000c38                DMA1_Stream3_IRQHandler
 *fill*         0x08000c3a        0x2 
 .text.__libc_init_array
                0x08000c3c       0x48 C:/Users/naray/OneDrive/Documents/STM32CubeIDE_1.15.1/STM32CubeIDE/plugins/com.st.stm32cube.ide.mcu.externaltools.gnu-tools-for-stm32.12.3.rel1.win32_1.0.100.202403111256/tools/bin/../lib/gcc/arm-none-eabi/12.3.1/../../../../arm-none-eabi/lib/thumb/v7e-m+fp/hard\libc_nano.a(libc_a-init.o)
                0x08000c3c                __libc_init_array
 *(.glue_7)
 .glue_7        0x08000c84        0x0 linker stubs
 *(.glue_7t)
 .glue_7t       0x08000c84        0x0 linker stubs
 *(.eh_frame)
 .eh_frame      0x08000c84        0x0 C:/Users/naray/OneDrive/Documents/STM32CubeIDE_1.15.1/STM32CubeIDE/plugins/com.st.stm32cube.ide.mcu.externaltools.gnu-tools-for-stm32.12.3.rel1.win32_1.0.100.202403111256/tools/bin/../lib/gcc/arm-none-eabi/12.3.1/thumb/v7e-m+fp/hard/crtbegin.o
 *(.init)
 .init          0x08000c84        0x4 C:/Users/naray/OneDrive/Documents/STM32CubeIDE_1.15.1/STM32CubeIDE/plugins/com.st.stm32cube.ide.mcu.externaltools.gnu-tools-for-stm32.12.3.rel1.win32_1.0.100.202403111256/tools/bin/../lib/gcc/arm-none-eabi/12.3.1/thumb/v7e-m+fp/hard/crti.o
                0x08000c84                _init
 .init          0x08000c88        0x8 C:/Users/naray/OneDrive/Documents/STM32CubeIDE_1.15.1/STM32CubeIDE/plugins/com.st.stm32cube.ide.mcu.externaltools.gnu-tools-for-stm32.12.3.rel1.win32_1.0.100.202403111256/tools/bin/../lib/gcc/arm-none-eabi/12.3.1/thumb/v7e-m+fp/hard/crtn.o
 *(.fini)
 .fini          0x08000c90        0x4 C:/Users/naray/OneDrive/Documents/STM32CubeIDE_1.15.1/STM32CubeIDE/plugins/com.st.stm32cube.ide.mcu.externaltools.gnu-tools-for-stm32.12.3.rel1.win32_1.0.100.202403111256/tools/bin/../lib/gcc/arm-none-eabi/12.3.1/thumb/v7e-m+fp/hard/crti.o
                0x08000c90                _fini
 .fini          0x08000c94        0x8 C:/Users/naray/OneDrive/Documents/STM32CubeIDE_1.15.1/STM32CubeIDE/plugins/com.st.stm32cube.ide.mcu.externaltools.gnu-tools-for-stm32.12.3.rel1.win32_1.0.100.202403111256/tools/bin/../lib/gcc/arm-none-eabi/12.3.1/thumb/v7e-m+fp/hard/crtn.o
                0x08000c9c                        . = ALIGN (0x4)
                0x08000c9c                        _etext = .

.vfp11_veneer   0x08000c9c        0x0
 .vfp11_veneer  0x08000c9c        0x0 linker stubs

.v4_bx          0x08000c9c        0x0
 .v4_bx         0x08000c9c        0x0 linker stubs

.iplt           0x08000c9c        0x0
 .iplt          0x08000c9c        0x0 C:/Users/naray/OneDrive/Documents/STM32CubeIDE_1.15.1/STM32CubeIDE/plugins/com.st.stm32cube.ide.mcu.externaltools.gnu-tools-for-stm32.12.3.rel1.win32_1.0.100.202403111256/tools/bin/../lib/gcc/arm-none-eabi/12.3.1/thumb/v7e-m+fp/hard/crtbegin.o

.rodata         0x08000c9c        0x0
                0x08000c9c                        . = ALIGN (0x4)
 *(.rodata)
 *(.rodata*)
                0x08000c9c                        . = ALIGN (0x4)

.ARM.extab      0x08000c9c        0x0
                0x08000c9c                        . = ALIGN (0x4)
 *(.ARM.extab* .gnu.linkonce.armextab.*)
                0x08000c9c                        . = ALIGN (0x4)

.ARM            0x08000c9c        0x0
                0x08000c9c                        . = ALIGN (0x4)
                0x08000c9c                        __exidx_start = .
 *(.ARM.exidx*)
                0x08000c9c                        __exidx_end = .
                0x08000c9c                        . = ALIGN (0x4)

.preinit_array  0x08000c9c        0x0
                0x08000c9c                        . = ALIGN (0x4)
                0x08000c9c                        PROVIDE (__preinit_array_start = .)
 *(.preinit_array*)
                0x08000c9c                        PROVIDE (__preinit_array_end = .)
                0x08000c9c                        . = ALIGN (0x4)

.init_array     0x08000c9c        0x4
                0x08000c9c                        . = ALIGN (0x4)
                0x08000c9c                        PROVIDE (__init_array_start = .)
 *(SORT_BY_NAME(.init_array.*))
 *(.init_array*)
 .init_array    0x08000c9c        0x4 C:/Users/naray/OneDrive/Documents/STM32CubeIDE_1.15.1/STM32CubeIDE/plugins/com.st.stm32cube.ide.mcu.externaltools.gnu-tools-for-stm32.12.3.rel1.win32_1.0.100.202403111256/tools/bin/../lib/gcc/arm-none-eabi/12.3.1/thumb/v7e-m+fp/hard/crtbegin.o
                0x08000ca0                        PROVIDE (__init_array_end = .)
                0x08000ca0                        . = ALIGN (0x4)

.fini_array     0x08000ca0        0x4
                0x08000ca0                        . = ALIGN (0x4)
                [!provide]                        PROVIDE (__fini_array_start = .)
 *(SORT_BY_NAME(.fini_array.*))
 *(.fini_array*)
 .fini_array    0x08000ca0        0x4 C:/Users/naray/OneDrive/Documents/STM32CubeIDE_1.15.1/STM32CubeIDE/plugins/com.st.stm32cube.ide.mcu.externaltools.gnu-tools-for-stm32.12.3.rel1.win32_1.0.100.202403111256/tools/bin/../lib/gcc/arm-none-eabi/12.3.1/thumb/v7e-m+fp/hard/crtbegin.o
                [!provide]                        PROVIDE (__fini_array_end = .)
                0x08000ca4                        . = ALIGN (0x4)
                0x08000ca4                        _sidata = LOADADDR (.data)

.rel.dyn        0x08000ca4        0x0
 .rel.iplt      0x08000ca4        0x0 C:/Users/naray/OneDrive/Documents/STM32CubeIDE_1.15.1/STM32CubeIDE/plugins/com.st.stm32cube.ide.mcu.externaltools.gnu-tools-for-stm32.12.3.rel1.win32_1.0.100.202403111256/tools/bin/../lib/gcc/arm-none-eabi/12.3.1/thumb/v7e-m+fp/hard/crtbegin.o

.data           0x20000000        0x0 load address 0x08000ca4
                0x20000000                        . = ALIGN (0x4)
                0x20000000                        _sdata = .
 *(.data)
 *(.data*)
 *(.RamFunc)
 *(.RamFunc*)
                0x20000000                        . = ALIGN (0x4)
                0x20000000                        _edata = .

.igot.plt       0x20000000        0x0 load address 0x08000ca4
 .igot.plt      0x20000000        0x0 C:/Users/naray/OneDrive/Documents/STM32CubeIDE_1.15.1/STM32CubeIDE/plugins/com.st.stm32cube.ide.mcu.externaltools.gnu-tools-for-stm32.12.3.rel1.win32_1.0.100.202403111256/tools/bin/../lib/gcc/arm-none-eabi/12.3.1/thumb/v7e-m+fp/hard/crtbegin.o
                0x20000000                        . = ALIGN (0x4)

.bss            0x20000000       0x48 load address 0x08000ca4
                0x20000000                        _sbss = .
                0x20000000                        __bss_start__ = _sbss
 *(.bss)
 .bss           0x20000000       0x1c C:/Users/naray/OneDrive/Documents/STM32CubeIDE_1.15.1/STM32CubeIDE/plugins/com.st.stm32cube.ide.mcu.externaltools.gnu-tools-for-stm32.12.3.rel1.win32_1.0.100.202403111256/tools/bin/../lib/gcc/arm-none-eabi/12.3.1/thumb/v7e-m+fp/hard/crtbegin.o
 *(.bss*)
 .bss.x         0x2000001c        0x2 ./Src/main.o
                0x2000001c                x
 .bss.y         0x2000001e        0x2 ./Src/main.o
                0x2000001e                y
 .bss.z         0x20000020        0x2 ./Src/main.o
                0x20000020                z
 *fill*         0x20000022        0x6 
 .bss.xg        0x20000028        0x8 ./Src/main.o
                0x20000028                xg
 .bss.yg        0x20000030        0x8 ./Src/main.o
                0x20000030                yg
 .bss.zg        0x20000038        0x8 ./Src/main.o
                0x20000038                zg
 .bss.data_rec  0x20000040        0x6 ./Src/main.o
                0x20000040                data_rec
 *(COMMON)
                0x20000048                        . = ALIGN (0x4)
 *fill*         0x20000046        0x2 
                0x20000048                        _ebss = .
                0x20000048                        __bss_end__ = _ebss

._user_heap_stack
                0x20000048      0x600 load address 0x08000ca4
                0x20000048                        . = ALIGN (0x8)
                [!provide]                        PROVIDE (end = .)
                0x20000048                        PROVIDE (_end = .)
                0x20000248                        . = (. + _Min_Heap_Size)
 *fill*         0x20000048      0x200 
                0x20000648                        . = (. + _Min_Stack_Size)
 *fill*         0x20000248      0x400 
                0x20000648                        . = ALIGN (0x8)

/DISCARD/
 libc.a(*)
 libm.a(*)
 libgcc.a(*)

.ARM.attributes
                0x00000000       0x30
 *(.ARM.attributes)
 .ARM.attributes
                0x00000000       0x22 C:/Users/naray/OneDrive/Documents/STM32CubeIDE_1.15.1/STM32CubeIDE/plugins/com.st.stm32cube.ide.mcu.externaltools.gnu-tools-for-stm32.12.3.rel1.win32_1.0.100.202403111256/tools/bin/../lib/gcc/arm-none-eabi/12.3.1/thumb/v7e-m+fp/hard/crti.o
 .ARM.attributes
                0x00000022       0x34 C:/Users/naray/OneDrive/Documents/STM32CubeIDE_1.15.1/STM32CubeIDE/plugins/com.st.stm32cube.ide.mcu.externaltools.gnu-tools-for-stm32.12.3.rel1.win32_1.0.100.202403111256/tools/bin/../lib/gcc/arm-none-eabi/12.3.1/thumb/v7e-m+fp/hard/crtbegin.o
 .ARM.attributes
                0x00000056       0x34 ./Src/adxl.o
 .ARM.attributes
                0x0000008a       0x34 ./Src/main.o
 .ARM.attributes
                0x000000be       0x34 ./Src/spi.o
 .ARM.attributes
                0x000000f2       0x21 ./Startup/startup_stm32f401retx.o
 .ARM.attributes
                0x00000113       0x34 C:/Users/naray/OneDrive/Documents/STM32CubeIDE_1.15.1/STM32CubeIDE/plugins/com.st.stm32cube.ide.mcu.externaltools.gnu-tools-for-stm32.12.3.rel1.win32_1.0.100.202403111256/tools/bin/../lib/gcc/arm-none-eabi/12.3.1/../../../../arm-none-eabi/lib/thumb/v7e-m+fp/hard\libc_nano.a(libc_a-init.o)
 .ARM.attributes
                0x00000147       0x22 C:/Users/naray/OneDrive/Documents/STM32CubeIDE_1.15.1/STM32CubeIDE/plugins/com.st.stm32cube.ide.mcu.externaltools.gnu-tools-for-stm32.12.3.rel1.win32_1.0.100.202403111256/tools/bin/../lib/gcc/arm-none-eabi/12.3.1/thumb/v7e-m+fp/hard\libgcc.a(_arm_muldf3.o)
 .ARM.attributes
                0x00000169       0x22 C:/Users/naray/OneDrive/Documents/STM32CubeIDE_1.15.1/STM32CubeIDE/plugins/com.st.stm32cube.ide.mcu.externaltools.gnu-tools-for-stm32.12.3.rel1.win32_1.0.100.202403111256/tools/bin/../lib/gcc/arm-none-eabi/12.3.1/thumb/v7e-m+fp/hard\libgcc.a(_arm_addsubdf3.o)
 .ARM.attributes
                0x0000018b       0x22 C:/Users/naray/OneDrive/Documents/STM32CubeIDE_1.15.1/STM32CubeIDE/plugins/com.st.stm32cube.ide.mcu.externaltools.gnu-tools-for-stm32.12.3.rel1.win32_1.0.100.202403111256/tools/bin/../lib/gcc/arm-none-eabi/12.3.1/thumb/v7e-m+fp/hard/crtn.o
OUTPUT(11_SPI_ADXL345.elf elf32-littlearm)
LOAD linker stubs
LOAD C:/Users/naray/OneDrive/Documents/STM32CubeIDE_1.15.1/STM32CubeIDE/plugins/com.st.stm32cube.ide.mcu.externaltools.gnu-tools-for-stm32.12.3.rel1.win32_1.0.100.202403111256/tools/bin/../lib/gcc/arm-none-eabi/12.3.1/../../../../arm-none-eabi/lib/thumb/v7e-m+fp/hard\libc.a
LOAD C:/Users/naray/OneDrive/Documents/STM32CubeIDE_1.15.1/STM32CubeIDE/plugins/com.st.stm32cube.ide.mcu.externaltools.gnu-tools-for-stm32.12.3.rel1.win32_1.0.100.202403111256/tools/bin/../lib/gcc/arm-none-eabi/12.3.1/../../../../arm-none-eabi/lib/thumb/v7e-m+fp/hard\libm.a
LOAD C:/Users/naray/OneDrive/Documents/STM32CubeIDE_1.15.1/STM32CubeIDE/plugins/com.st.stm32cube.ide.mcu.externaltools.gnu-tools-for-stm32.12.3.rel1.win32_1.0.100.202403111256/tools/bin/../lib/gcc/arm-none-eabi/12.3.1/thumb/v7e-m+fp/hard\libgcc.a

.debug_info     0x00000000      0x760
 .debug_info    0x00000000      0x18a ./Src/adxl.o
 .debug_info    0x0000018a      0x176 ./Src/main.o
 .debug_info    0x00000300      0x430 ./Src/spi.o
 .debug_info    0x00000730       0x30 ./Startup/startup_stm32f401retx.o

.debug_abbrev   0x00000000      0x2d1
 .debug_abbrev  0x00000000       0xe0 ./Src/adxl.o
 .debug_abbrev  0x000000e0       0xcc ./Src/main.o
 .debug_abbrev  0x000001ac      0x101 ./Src/spi.o
 .debug_abbrev  0x000002ad       0x24 ./Startup/startup_stm32f401retx.o

.debug_aranges  0x00000000       0xc0
 .debug_aranges
                0x00000000       0x30 ./Src/adxl.o
 .debug_aranges
                0x00000030       0x20 ./Src/main.o
 .debug_aranges
                0x00000050       0x48 ./Src/spi.o
 .debug_aranges
                0x00000098       0x28 ./Startup/startup_stm32f401retx.o

.debug_rnglists
                0x00000000       0x7f
 .debug_rnglists
                0x00000000       0x1f ./Src/adxl.o
 .debug_rnglists
                0x0000001f       0x14 ./Src/main.o
 .debug_rnglists
                0x00000033       0x33 ./Src/spi.o
 .debug_rnglists
                0x00000066       0x19 ./Startup/startup_stm32f401retx.o

.debug_macro    0x00000000     0xea21
 .debug_macro   0x00000000      0x1d0 ./Src/adxl.o
 .debug_macro   0x000001d0      0xac6 ./Src/adxl.o
 .debug_macro   0x00000c96       0x28 ./Src/adxl.o
 .debug_macro   0x00000cbe       0x28 ./Src/adxl.o
 .debug_macro   0x00000ce6       0x22 ./Src/adxl.o
 .debug_macro   0x00000d08       0x8e ./Src/adxl.o
 .debug_macro   0x00000d96       0x51 ./Src/adxl.o
 .debug_macro   0x00000de7      0x103 ./Src/adxl.o
 .debug_macro   0x00000eea       0x6a ./Src/adxl.o
 .debug_macro   0x00000f54      0x1df ./Src/adxl.o
 .debug_macro   0x00001133       0x1c ./Src/adxl.o
 .debug_macro   0x0000114f       0x22 ./Src/adxl.o
 .debug_macro   0x00001171       0xfb ./Src/adxl.o
 .debug_macro   0x0000126c     0x1011 ./Src/adxl.o
 .debug_macro   0x0000227d      0x11f ./Src/adxl.o
 .debug_macro   0x0000239c     0xb86c ./Src/adxl.o
 .debug_macro   0x0000dc08       0x6d ./Src/adxl.o
 .debug_macro   0x0000dc75       0x61 ./Src/adxl.o
 .debug_macro   0x0000dcd6       0x2a ./Src/adxl.o
 .debug_macro   0x0000dd00       0x43 ./Src/adxl.o
 .debug_macro   0x0000dd43       0x34 ./Src/adxl.o
 .debug_macro   0x0000dd77       0x16 ./Src/adxl.o
 .debug_macro   0x0000dd8d       0x9e ./Src/adxl.o
 .debug_macro   0x0000de2b      0x369 ./Src/adxl.o
 .debug_macro   0x0000e194      0x10b ./Src/adxl.o
 .debug_macro   0x0000e29f       0x10 ./Src/adxl.o
 .debug_macro   0x0000e2af       0x16 ./Src/adxl.o
 .debug_macro   0x0000e2c5       0x43 ./Src/adxl.o
 .debug_macro   0x0000e308       0x34 ./Src/adxl.o
 .debug_macro   0x0000e33c       0x10 ./Src/adxl.o
 .debug_macro   0x0000e34c       0x58 ./Src/adxl.o
 .debug_macro   0x0000e3a4       0x8e ./Src/adxl.o
 .debug_macro   0x0000e432       0x1c ./Src/adxl.o
 .debug_macro   0x0000e44e      0x177 ./Src/adxl.o
 .debug_macro   0x0000e5c5       0x16 ./Src/adxl.o
 .debug_macro   0x0000e5db       0x16 ./Src/adxl.o
 .debug_macro   0x0000e5f1      0x146 ./Src/adxl.o
 .debug_macro   0x0000e737       0x3a ./Src/adxl.o
 .debug_macro   0x0000e771      0x1c4 ./Src/main.o
 .debug_macro   0x0000e935       0xec ./Src/spi.o

.debug_line     0x00000000     0x1615
 .debug_line    0x00000000      0x6f1 ./Src/adxl.o
 .debug_line    0x000006f1      0x767 ./Src/main.o
 .debug_line    0x00000e58      0x742 ./Src/spi.o
 .debug_line    0x0000159a       0x7b ./Startup/startup_stm32f401retx.o

.debug_str      0x00000000    0x53350
 .debug_str     0x00000000    0x5310f ./Src/adxl.o
                              0x53302 (size before relaxing)
 .debug_str     0x0005310f       0x26 ./Src/main.o
                              0x53288 (size before relaxing)
 .debug_str     0x00053135      0x1dc ./Src/spi.o
                              0x4f96f (size before relaxing)
 .debug_str     0x00053311       0x3f ./Startup/startup_stm32f401retx.o
                                 0x84 (size before relaxing)

.comment        0x00000000       0x43
 .comment       0x00000000       0x43 ./Src/adxl.o
                                 0x44 (size before relaxing)
 .comment       0x00000043       0x44 ./Src/main.o
 .comment       0x00000043       0x44 ./Src/spi.o

.debug_frame    0x00000000      0x288
 .debug_frame   0x00000000       0x74 ./Src/adxl.o
 .debug_frame   0x00000074       0x2c ./Src/main.o
 .debug_frame   0x000000a0       0xe0 ./Src/spi.o
 .debug_frame   0x00000180       0x2c C:/Users/naray/OneDrive/Documents/STM32CubeIDE_1.15.1/STM32CubeIDE/plugins/com.st.stm32cube.ide.mcu.externaltools.gnu-tools-for-stm32.12.3.rel1.win32_1.0.100.202403111256/tools/bin/../lib/gcc/arm-none-eabi/12.3.1/../../../../arm-none-eabi/lib/thumb/v7e-m+fp/hard\libc_nano.a(libc_a-init.o)
 .debug_frame   0x000001ac       0x30 C:/Users/naray/OneDrive/Documents/STM32CubeIDE_1.15.1/STM32CubeIDE/plugins/com.st.stm32cube.ide.mcu.externaltools.gnu-tools-for-stm32.12.3.rel1.win32_1.0.100.202403111256/tools/bin/../lib/gcc/arm-none-eabi/12.3.1/thumb/v7e-m+fp/hard\libgcc.a(_arm_muldf3.o)
 .debug_frame   0x000001dc       0xac C:/Users/naray/OneDrive/Documents/STM32CubeIDE_1.15.1/STM32CubeIDE/plugins/com.st.stm32cube.ide.mcu.externaltools.gnu-tools-for-stm32.12.3.rel1.win32_1.0.100.202403111256/tools/bin/../lib/gcc/arm-none-eabi/12.3.1/thumb/v7e-m+fp/hard\libgcc.a(_arm_addsubdf3.o)

.debug_line_str
                0x00000000       0x68
 .debug_line_str
                0x00000000       0x68 ./Startup/startup_stm32f401retx.o
